main.c:68:6:setTimer1	16	static
main.c:72:6:timerRun	4	static
main.c:104:6:uart_communication_fsm	8	static
main.c:126:6:command_parser_fsm	16	static
main.c:211:6:HAL_UART_RxCpltCallback	16	static
main.c:226:5:main	8	static
main.c:283:6:SystemClock_Config	88	static
main.c:326:13:MX_ADC1_Init	24	static
main.c:371:13:MX_TIM2_Init	32	static
main.c:416:13:MX_USART2_UART_Init	8	static
main.c:449:13:MX_GPIO_Init	32	static
main.c:469:6:HAL_TIM_PeriodElapsedCallback	16	static
main.c:478:6:Error_Handler	4	static,ignoring_inline_asm
